2026-03-02 09:12:03 INFO 서버를 시작했습니다 (port=8000)
2026-03-02 09:12:41 INFO 사용자 hong 로그인
2026-03-02 09:13:05 INFO 사용자 lee 로그인
2026-03-02 09:13:58 WARNING 응답이 느립니다 (1820ms)
2026-03-02 09:14:12 INFO 파일 업로드 report.csv
2026-03-02 09:15:22 ERROR 파일을 찾을 수 없음: photo.png
2026-03-02 09:16:40 INFO 사용자 kim 로그인
2026-03-02 09:17:01 WARNING 디스크 사용량 81%
2026-03-02 09:18:33 INFO 검색 요청 q=파이썬
2026-03-02 09:19:07 ERROR 데이터베이스 연결 실패
2026-03-02 09:19:09 INFO 데이터베이스 재연결 성공
2026-03-02 09:21:44 INFO 사용자 hong 로그아웃
2026-03-02 09:23:15 WARNING 잘못된 요청 형식
2026-03-02 09:25:02 ERROR 파일을 찾을 수 없음: old.zip
2026-03-02 09:26:30 INFO 백업을 시작했습니다
2026-03-02 09:28:11 INFO 백업 완료 (12 파일)
2026-03-02 09:30:00 WARNING 메모리 사용량 90%
2026-03-02 09:31:27 ERROR 시간 초과: 외부 API
2026-03-02 09:33:49 INFO 사용자 lee 로그아웃
2026-03-02 09:35:10 INFO 서버를 종료했습니다
